// Vitest Snapshot v1, https://vitest.dev/guide/snapshot.html

exports[`Home > renders without crashing and has no a11y violations 1`] = `
<div>
  <div
    class="spotlight-container"
  >
    <div
      aria-hidden="true"
      class="spotlight-overlay"
    >
      <div
        class="spotlight spotlight-left"
        style="transform: translateX(-50%) translateY(-50%);"
      />
      <div
        class="spotlight spotlight-mid"
        style="transform: rotate(-20deg);"
      />
      <div
        class="spotlight spotlight-right"
        style="transform: rotate(10deg);"
      />
    </div>
    <div
      class="spotlight-content"
    >
      <section>
        <h1>
          Hi, I'm Serina
        </h1>
        <p>
          An this is where I will share what I'm making - art, writing. code I'm Learning, and notes from a neurodivergent brain.
        </p>
        <p>
          Please join me on this Journey of Self Discovery
        </p>
      </section>
    </div>
  </div>
  <section
    aria-label="This Week"
  >
    <div
      class="glass-card p-6"
    >
      <div
        aria-label="Today's mood"
      >
        <span
          aria-hidden="true"
        >
          🌸
        </span>
        <span>
          calm
        </span>
      </div>
      <figure
        aria-label="Quote of the week"
      >
        <blockquote>
          <p>
            Boundaries · Reliability · Accountability · Vault · Integrity · Non-judgment · Generosity.
          </p>
          

          <p>
            — BRAVING
          </p>
        </blockquote>
        <figcaption>
          — 
          Brené Brown
          <span>
            , 
            Dare to Lead
          </span>
        </figcaption>
      </figure>
      <div
        aria-label="Currently listening"
      >
        <span>
          Listening: 
        </span>
        <a
          href="https://open.spotify.com/playlist/replace-with-real-url"
          rel="noopener noreferrer"
        >
          Cherry Blossom Lo-Fi
        </a>
        <span>
           · 
          Various
        </span>
      </div>
    </div>
  </section>
  <section
    aria-label="Featured this week"
  >
    <article
      aria-label="Featured art"
    >
      <h2>
        Moonlight
      </h2>
      <div
        class="art-frame "
      >
        <img
          alt="Digital painting of a lantern-lit enchanted forest at night — a woman in a green gown reaches toward a glowing butterfly, with a waterfall, a torii gate, roses and glowing mushrooms around her"
          class="art-frame__img"
          src="/images/moonlight.webp"
        />
        <a
          aria-label="Usage terms for this artwork"
          class="art-frame__badge"
          data-discover="true"
          data-state="closed"
          href="/about#usage-policy"
        >
          ©
        </a>
      </div>
      <p>
        A digital painting.
      </p>
      <a
        data-discover="true"
        href="/art/hello-from-this-room"
      >
        View more →
      </a>
    </article>
    <article
      aria-label="Featured writing"
    >
      <h2>
        From a story in progress
      </h2>
      <img
        alt="Digital painting of a vast candlelit library at night — books drift upward through the air toward a glowing star-map dome, a figure in a dark gown floating among them, with purple blossoms and constellations"
        src="/images/library-of-dreams.webp"
      />
      <p>
        The first line of something larger.
      </p>
      <a
        data-discover="true"
        href="/writing/hello-from-this-room"
      >
        View more →
      </a>
    </article>
    <article
      aria-label="Featured travel"
    >
      <h2>
        Auckland harbour at night
      </h2>
      <img
        alt="Photograph of Auckland's harbour and city skyline at night, the lit Sky Tower and buildings reflecting on calm dark water"
        src="/images/auckland-harbour.webp"
      />
      <p>
        I forgot how quiet the city is at five am.
      </p>
      <a
        data-discover="true"
        href="/travel/hello-from-this-room"
      >
        View more →
      </a>
    </article>
  </section>
  <section
    class="mx-auto max-w-5xl px-4"
  >
    <div
      class="mb-8 flex flex-col gap-2"
    >
      <h2
        class="font-semibold"
      >
        The Rooms
      </h2>
      <p
        class="max-w-lg text-muted-foreground"
      >
        Five spaces to wander - pick whichever calls to you.
      </p>
    </div>
    <ul
      class="m-0 grid list-none grid-cols-1 gap-4 p-0 sm:grid-cols-2 lg:grid-cols-3"
    >
      <li>
        <a
          class="room-tile room-tile--featured"
          data-discover="true"
          href="/writing"
        >
          <span
            class="room-tile__ord"
          >
            ROOM · 
            01
          </span>
          <h3
            class="room-tile__title"
          >
            Writing
          </h3>
          <p
            class="room-tile__blurb"
          >
            Stories, Half-finished and finished.
          </p>
        </a>
      </li>
      <li>
        <a
          class="room-tile"
          data-discover="true"
          href="/art"
        >
          <span
            class="room-tile__ord"
          >
            ROOM · 
            02
          </span>
          <h3
            class="room-tile__title"
          >
            Art
          </h3>
          <p
            class="room-tile__blurb"
          >
            Resin, ink and other creative endevours.
          </p>
        </a>
      </li>
      <li>
        <a
          class="room-tile"
          data-discover="true"
          href="/code"
        >
          <span
            class="room-tile__ord"
          >
            ROOM · 
            03
          </span>
          <h3
            class="room-tile__title"
          >
            Code
          </h3>
          <p
            class="room-tile__blurb"
          >
            Code, scripts and other digital curiosities that drive my mind and my work.
          </p>
        </a>
      </li>
      <li>
        <a
          class="room-tile"
          data-discover="true"
          href="/travel"
        >
          <span
            class="room-tile__ord"
          >
            ROOM · 
            04
          </span>
          <h3
            class="room-tile__title"
          >
            Travel & Food
          </h3>
          <p
            class="room-tile__blurb"
          >
            Journeys, experiences and the stories that come with them.
          </p>
        </a>
      </li>
      <li>
        <a
          class="room-tile"
          data-discover="true"
          href="/neurodivergent"
        >
          <span
            class="room-tile__ord"
          >
            ROOM · 
            05
          </span>
          <h3
            class="room-tile__title"
          >
            Neurodivergent
          </h3>
          <p
            class="room-tile__blurb"
          >
            Thoughts, experiences and perspectives unique to the neurodivergent mind of a software developer.
          </p>
        </a>
      </li>
    </ul>
  </section>
</div>
`;
